[16-May-2026 17:52:29 America/Chicago] PHP Parse error:  syntax error, unexpected identifier "src", expecting "}" in C:\Development\Sequence\app\views\admin\sequences\edit.php on line 262
[16-May-2026 17:52:39 America/Chicago] PHP Parse error:  syntax error, unexpected identifier "src", expecting "}" in C:\Development\Sequence\app\views\admin\sequences\edit.php on line 262
[16-May-2026 17:52:44 America/Chicago] PHP Parse error:  syntax error, unexpected identifier "src", expecting "}" in C:\Development\Sequence\app\views\admin\sequences\edit.php on line 262
[16-May-2026 17:52:48 America/Chicago] PHP Parse error:  syntax error, unexpected identifier "src", expecting "}" in C:\Development\Sequence\app\views\admin\sequences\edit.php on line 262
[16-May-2026 17:52:49 America/Chicago] PHP Parse error:  syntax error, unexpected identifier "src", expecting "}" in C:\Development\Sequence\app\views\admin\sequences\edit.php on line 262
[16-May-2026 17:52:53 America/Chicago] PHP Parse error:  syntax error, unexpected identifier "src", expecting "}" in C:\Development\Sequence\app\views\admin\sequences\edit.php on line 262
[16-May-2026 17:52:53 America/Chicago] PHP Parse error:  syntax error, unexpected identifier "src", expecting "}" in C:\Development\Sequence\app\views\admin\sequences\edit.php on line 262
[16-May-2026 17:52:58 America/Chicago] PHP Parse error:  syntax error, unexpected identifier "src", expecting "}" in C:\Development\Sequence\app\views\admin\sequences\edit.php on line 262
[16-May-2026 17:55:49 America/Chicago] PHP Parse error:  syntax error, unexpected identifier "src", expecting "}" in C:\Development\Sequence\app\views\admin\sequences\edit.php on line 262
[16-May-2026 17:55:59 America/Chicago] PHP Parse error:  syntax error, unexpected identifier "src", expecting "}" in C:\Development\Sequence\app\views\admin\sequences\edit.php on line 262
[16-May-2026 21:38:39 America/Chicago] PHP Warning:  Undefined array key "label" in C:\Development\Sequence\app\views\admin\pages\edit.php on line 166
[16-May-2026 21:38:39 America/Chicago] PHP Fatal error:  Uncaught TypeError: e(): Argument #1 ($value) must be of type string, null given, called in C:\Development\Sequence\app\views\admin\pages\edit.php on line 166 and defined in C:\Development\Sequence\app\helpers\functions.php:57
Stack trace:
#0 C:\Development\Sequence\app\views\admin\pages\edit.php(166): e(NULL)
#1 C:\Development\Sequence\app\helpers\functions.php(35): require('C:\\Development\\...')
#2 C:\Development\Sequence\app\controllers\CluePageController.php(41): view('admin.pages.edi...', Array)
#3 C:\Development\Sequence\public\index.php(119): CluePageController->editPage(3)
#4 {main}
  thrown in C:\Development\Sequence\app\helpers\functions.php on line 57
[16-May-2026 21:38:47 America/Chicago] PHP Warning:  Undefined array key "label" in C:\Development\Sequence\app\views\admin\pages\edit.php on line 166
[16-May-2026 21:38:47 America/Chicago] PHP Fatal error:  Uncaught TypeError: e(): Argument #1 ($value) must be of type string, null given, called in C:\Development\Sequence\app\views\admin\pages\edit.php on line 166 and defined in C:\Development\Sequence\app\helpers\functions.php:57
Stack trace:
#0 C:\Development\Sequence\app\views\admin\pages\edit.php(166): e(NULL)
#1 C:\Development\Sequence\app\helpers\functions.php(35): require('C:\\Development\\...')
#2 C:\Development\Sequence\app\controllers\CluePageController.php(41): view('admin.pages.edi...', Array)
#3 C:\Development\Sequence\public\index.php(119): CluePageController->editPage(3)
#4 {main}
  thrown in C:\Development\Sequence\app\helpers\functions.php on line 57
[16-May-2026 21:38:56 America/Chicago] PHP Warning:  Undefined array key "label" in C:\Development\Sequence\app\views\admin\pages\edit.php on line 166
[16-May-2026 21:38:56 America/Chicago] PHP Fatal error:  Uncaught TypeError: e(): Argument #1 ($value) must be of type string, null given, called in C:\Development\Sequence\app\views\admin\pages\edit.php on line 166 and defined in C:\Development\Sequence\app\helpers\functions.php:57
Stack trace:
#0 C:\Development\Sequence\app\views\admin\pages\edit.php(166): e(NULL)
#1 C:\Development\Sequence\app\helpers\functions.php(35): require('C:\\Development\\...')
#2 C:\Development\Sequence\app\controllers\CluePageController.php(41): view('admin.pages.edi...', Array)
#3 C:\Development\Sequence\public\index.php(119): CluePageController->editPage(3)
#4 {main}
  thrown in C:\Development\Sequence\app\helpers\functions.php on line 57
[16-May-2026 21:39:11 America/Chicago] PHP Warning:  Undefined array key "label" in C:\Development\Sequence\app\views\admin\pages\edit.php on line 166
[16-May-2026 21:39:11 America/Chicago] PHP Fatal error:  Uncaught TypeError: e(): Argument #1 ($value) must be of type string, null given, called in C:\Development\Sequence\app\views\admin\pages\edit.php on line 166 and defined in C:\Development\Sequence\app\helpers\functions.php:57
Stack trace:
#0 C:\Development\Sequence\app\views\admin\pages\edit.php(166): e(NULL)
#1 C:\Development\Sequence\app\helpers\functions.php(35): require('C:\\Development\\...')
#2 C:\Development\Sequence\app\controllers\CluePageController.php(41): view('admin.pages.edi...', Array)
#3 C:\Development\Sequence\public\index.php(119): CluePageController->editPage(3)
#4 {main}
  thrown in C:\Development\Sequence\app\helpers\functions.php on line 57
[16-May-2026 21:43:03 America/Chicago] PHP Warning:  Undefined array key "label" in C:\Development\Sequence\app\views\admin\pages\edit.php on line 166
[16-May-2026 21:43:03 America/Chicago] PHP Fatal error:  Uncaught TypeError: e(): Argument #1 ($value) must be of type string, null given, called in C:\Development\Sequence\app\views\admin\pages\edit.php on line 166 and defined in C:\Development\Sequence\app\helpers\functions.php:57
Stack trace:
#0 C:\Development\Sequence\app\views\admin\pages\edit.php(166): e(NULL)
#1 C:\Development\Sequence\app\helpers\functions.php(35): require('C:\\Development\\...')
#2 C:\Development\Sequence\app\controllers\CluePageController.php(41): view('admin.pages.edi...', Array)
#3 C:\Development\Sequence\public\index.php(119): CluePageController->editPage(3)
#4 {main}
  thrown in C:\Development\Sequence\app\helpers\functions.php on line 57
[21-May-2026 07:12:34 America/Chicago] PHP Warning:  Undefined variable $existing in C:\Development\Sequence\app\controllers\PuzzlePageController.php on line 594
[21-May-2026 07:13:59 America/Chicago] PHP Warning:  Undefined variable $puzzle in C:\Development\Sequence\app\controllers\PuzzlePageController.php on line 594
[21-May-2026 07:14:43 America/Chicago] PHP Warning:  Undefined variable $puzzle in C:\Development\Sequence\app\controllers\PuzzlePageController.php on line 594
[24-May-2026 05:29:23 America/Chicago] PHP Warning:  Undefined array key "label" in C:\Development\Sequence\app\views\admin\pages\edit.php on line 464
[24-May-2026 05:29:23 America/Chicago] PHP Fatal error:  Uncaught TypeError: e(): Argument #1 ($value) must be of type string, null given, called in C:\Development\Sequence\app\views\admin\pages\edit.php on line 464 and defined in C:\Development\Sequence\app\helpers\functions.php:57
Stack trace:
#0 C:\Development\Sequence\app\views\admin\pages\edit.php(464): e(NULL)
#1 C:\Development\Sequence\app\helpers\functions.php(35): require('C:\\Development\\...')
#2 C:\Development\Sequence\app\controllers\CluePageController.php(50): view('admin.pages.edi...', Array)
#3 C:\Development\Sequence\public\index.php(137): CluePageController->editPage(4)
#4 {main}
  thrown in C:\Development\Sequence\app\helpers\functions.php on line 57
[24-May-2026 05:29:28 America/Chicago] PHP Warning:  Undefined array key "label" in C:\Development\Sequence\app\views\admin\pages\edit.php on line 463
[24-May-2026 05:29:28 America/Chicago] PHP Fatal error:  Uncaught TypeError: e(): Argument #1 ($value) must be of type string, null given, called in C:\Development\Sequence\app\views\admin\pages\edit.php on line 463 and defined in C:\Development\Sequence\app\helpers\functions.php:57
Stack trace:
#0 C:\Development\Sequence\app\views\admin\pages\edit.php(463): e(NULL)
#1 C:\Development\Sequence\app\helpers\functions.php(35): require('C:\\Development\\...')
#2 C:\Development\Sequence\app\controllers\CluePageController.php(50): view('admin.pages.edi...', Array)
#3 C:\Development\Sequence\public\index.php(137): CluePageController->editPage(4)
#4 {main}
  thrown in C:\Development\Sequence\app\helpers\functions.php on line 57
[24-May-2026 05:29:33 America/Chicago] PHP Warning:  Undefined array key "label" in C:\Development\Sequence\app\views\admin\pages\edit.php on line 463
[24-May-2026 05:29:33 America/Chicago] PHP Fatal error:  Uncaught TypeError: e(): Argument #1 ($value) must be of type string, null given, called in C:\Development\Sequence\app\views\admin\pages\edit.php on line 463 and defined in C:\Development\Sequence\app\helpers\functions.php:57
Stack trace:
#0 C:\Development\Sequence\app\views\admin\pages\edit.php(463): e(NULL)
#1 C:\Development\Sequence\app\helpers\functions.php(35): require('C:\\Development\\...')
#2 C:\Development\Sequence\app\controllers\CluePageController.php(50): view('admin.pages.edi...', Array)
#3 C:\Development\Sequence\public\index.php(137): CluePageController->editPage(4)
#4 {main}
  thrown in C:\Development\Sequence\app\helpers\functions.php on line 57
[24-May-2026 05:29:54 America/Chicago] PHP Warning:  Undefined array key "label" in C:\Development\Sequence\app\views\admin\pages\edit.php on line 438
[24-May-2026 05:29:54 America/Chicago] PHP Fatal error:  Uncaught TypeError: e(): Argument #1 ($value) must be of type string, null given, called in C:\Development\Sequence\app\views\admin\pages\edit.php on line 438 and defined in C:\Development\Sequence\app\helpers\functions.php:57
Stack trace:
#0 C:\Development\Sequence\app\views\admin\pages\edit.php(438): e(NULL)
#1 C:\Development\Sequence\app\helpers\functions.php(35): require('C:\\Development\\...')
#2 C:\Development\Sequence\app\controllers\CluePageController.php(50): view('admin.pages.edi...', Array)
#3 C:\Development\Sequence\public\index.php(137): CluePageController->editPage(4)
#4 {main}
  thrown in C:\Development\Sequence\app\helpers\functions.php on line 57
[24-May-2026 05:31:58 America/Chicago] PHP Warning:  Undefined array key "label" in C:\Development\Sequence\app\views\admin\pages\edit.php on line 438
[24-May-2026 05:31:58 America/Chicago] PHP Fatal error:  Uncaught TypeError: e(): Argument #1 ($value) must be of type string, null given, called in C:\Development\Sequence\app\views\admin\pages\edit.php on line 438 and defined in C:\Development\Sequence\app\helpers\functions.php:57
Stack trace:
#0 C:\Development\Sequence\app\views\admin\pages\edit.php(438): e(NULL)
#1 C:\Development\Sequence\app\helpers\functions.php(35): require('C:\\Development\\...')
#2 C:\Development\Sequence\app\controllers\CluePageController.php(50): view('admin.pages.edi...', Array)
#3 C:\Development\Sequence\public\index.php(137): CluePageController->editPage(4)
#4 {main}
  thrown in C:\Development\Sequence\app\helpers\functions.php on line 57
[29-May-2026 06:38:14 America/Chicago] PHP Warning:  Undefined array key 6 in C:\Development\Sequence\app\views\admin\pages\puzzle.php on line 285
[29-May-2026 06:38:14 America/Chicago] PHP Fatal error:  Uncaught TypeError: e(): Argument #1 ($value) must be of type string, null given, called in C:\Development\Sequence\app\views\admin\pages\puzzle.php on line 285 and defined in C:\Development\Sequence\app\helpers\functions.php:57
Stack trace:
#0 C:\Development\Sequence\app\views\admin\pages\puzzle.php(285): e(NULL)
#1 C:\Development\Sequence\app\helpers\functions.php(35): require('C:\\Development\\...')
#2 C:\Development\Sequence\app\controllers\PuzzlePageController.php(484): view('admin.pages.puz...', Array)
#3 C:\Development\Sequence\public\index.php(175): PuzzlePageController->editPage(1)
#4 {main}
  thrown in C:\Development\Sequence\app\helpers\functions.php on line 57
[29-May-2026 06:42:56 America/Chicago] PHP Warning:  Undefined array key 6 in C:\Development\Sequence\app\views\admin\pages\puzzle.php on line 285
[29-May-2026 06:42:56 America/Chicago] PHP Fatal error:  Uncaught TypeError: e(): Argument #1 ($value) must be of type string, null given, called in C:\Development\Sequence\app\views\admin\pages\puzzle.php on line 285 and defined in C:\Development\Sequence\app\helpers\functions.php:57
Stack trace:
#0 C:\Development\Sequence\app\views\admin\pages\puzzle.php(285): e(NULL)
#1 C:\Development\Sequence\app\helpers\functions.php(35): require('C:\\Development\\...')
#2 C:\Development\Sequence\app\controllers\PuzzlePageController.php(484): view('admin.pages.puz...', Array)
#3 C:\Development\Sequence\public\index.php(185): PuzzlePageController->editPage(1)
#4 {main}
  thrown in C:\Development\Sequence\app\helpers\functions.php on line 57
[29-May-2026 06:42:57 America/Chicago] PHP Warning:  Undefined array key 6 in C:\Development\Sequence\app\views\admin\pages\puzzle.php on line 285
[29-May-2026 06:42:57 America/Chicago] PHP Fatal error:  Uncaught TypeError: e(): Argument #1 ($value) must be of type string, null given, called in C:\Development\Sequence\app\views\admin\pages\puzzle.php on line 285 and defined in C:\Development\Sequence\app\helpers\functions.php:57
Stack trace:
#0 C:\Development\Sequence\app\views\admin\pages\puzzle.php(285): e(NULL)
#1 C:\Development\Sequence\app\helpers\functions.php(35): require('C:\\Development\\...')
#2 C:\Development\Sequence\app\controllers\PuzzlePageController.php(484): view('admin.pages.puz...', Array)
#3 C:\Development\Sequence\public\index.php(185): PuzzlePageController->editPage(1)
#4 {main}
  thrown in C:\Development\Sequence\app\helpers\functions.php on line 57
[30-May-2026 18:04:55 America/Chicago] PHP Fatal error:  Uncaught PDOException: SQLSTATE[42S22]: Column not found: 1054 Unknown column 'survey_link' in 'field list' in C:\Development\Sequence\app\models\Database.php:30
Stack trace:
#0 C:\Development\Sequence\app\models\Database.php(30): PDO->prepare('UPDATE sequence...')
#1 C:\Development\Sequence\app\models\Database.php(48): Database->query('UPDATE sequence...', Array)
#2 C:\Development\Sequence\app\models\SequenceModel.php(185): Database->execute('UPDATE sequence...', Array)
#3 C:\Development\Sequence\app\controllers\AdminController.php(424): SequenceModel->update(2, Array)
#4 C:\Development\Sequence\public\index.php(231): AdminController->updateSequence(2)
#5 {main}
  thrown in C:\Development\Sequence\app\models\Database.php on line 30
[30-May-2026 18:05:13 America/Chicago] PHP Fatal error:  Uncaught PDOException: SQLSTATE[42S22]: Column not found: 1054 Unknown column 'survey_link' in 'field list' in C:\Development\Sequence\app\models\Database.php:30
Stack trace:
#0 C:\Development\Sequence\app\models\Database.php(30): PDO->prepare('UPDATE sequence...')
#1 C:\Development\Sequence\app\models\Database.php(48): Database->query('UPDATE sequence...', Array)
#2 C:\Development\Sequence\app\models\SequenceModel.php(185): Database->execute('UPDATE sequence...', Array)
#3 C:\Development\Sequence\app\controllers\AdminController.php(424): SequenceModel->update(2, Array)
#4 C:\Development\Sequence\public\index.php(231): AdminController->updateSequence(2)
#5 {main}
  thrown in C:\Development\Sequence\app\models\Database.php on line 30
